[2025-02-12T19:34:22.500] [DEBUG] debug-file - env: nodejsVersion=v18.20.1
[2025-02-12T19:34:23.101] [DEBUG] debug-file - Hvigor init with startParameters:{
  hvigorfileTypeCheck: false,
  parallelExecution: true,
  incrementalExecution: true,
  printStackTrace: false,
  daemon: false,
  analyze: 0,
  logLevel: Level { level: 20000, levelStr: 'INFO', colour: 'green' }
}
[2025-02-12T19:34:23.117] [DEBUG] debug-file - hvigorfile, resolving /Users/zhuguoqing/Desktop/harmony_android/hvigorfile.ts
[2025-02-12T19:34:25.137] [DEBUG] debug-file - Start initialize project's product build option map with build mode debug.
[2025-02-12T19:34:24.897] [DEBUG] debug-file - hvigorfile, require result:  { appTasks: [Getter] }
[2025-02-12T19:34:25.142] [DEBUG] debug-file - Product 'default' using build option: {
  "debuggable": true
} in this build.
[2025-02-12T19:34:25.150] [DEBUG] debug-file - Local scan or download HarmonyOS sdk components toolchains,ets,js,native,previewer
[2025-02-12T19:34:25.155] [DEBUG] debug-file - Local scan or download hmscore sdk components toolchains,ets,native
[2025-02-12T19:34:25.162] [DEBUG] debug-file - Start recording SDK configuration permission data.
[2025-02-12T19:34:25.196] [DEBUG] debug-file - Sdk init in 50 ms 
[2025-02-12T19:34:25.217] [DEBUG] debug-file - Project task initialization takes 20 ms 
[2025-02-12T19:34:25.224] [DEBUG] debug-file - hvigorfile, resolving /Users/zhuguoqing/Desktop/harmony_android/entry/hvigorfile.ts
[2025-02-12T19:34:25.243] [DEBUG] debug-file - Start initialize module-target build option map, moduleName=entry, buildMode=debug
[2025-02-12T19:34:25.255] [DEBUG] debug-file - Module entry task initialization takes 6 ms 
[2025-02-12T19:34:25.257] [DEBUG] debug-file - project has submodules:entry
[2025-02-12T19:34:25.278] [DEBUG] debug-file - Configuration task cost before running: 2 s 199 ms 
[2025-02-12T19:34:25.284] [DEBUG] debug-file - entry : clean cost memory 0.20269775390625
[2025-02-12T19:34:25.281] [DEBUG] debug-file - Executing task :entry:clean
[2025-02-12T19:34:25.294] [DEBUG] debug-file - Module 'entry' target 'default' using build option: {
  "debuggable": true,
  "copyFrom": "default"
} in this build.
[2025-02-12T19:34:22.502] [DEBUG] debug-file - env: hvigor-config.json5 content = { modelVersion: '5.0.0', dependencies: {} }
[2025-02-12T19:34:23.102] [DEBUG] debug-file - Since current hvigor version 5.13.1 differs from last hvigor version 
      undefined, delete file-cache.json and task-cache.json.
[2025-02-12T19:34:25.138] [DEBUG] debug-file - Picking option from product 'default' with build mode 'debug'.
[2025-02-12T19:34:24.898] [DEBUG] debug-file - hvigorfile, binding system plugins { appTasks: [Getter] }
[2025-02-12T19:34:25.145] [DEBUG] debug-file - No signingConfig found, initRemoteHspCache failed.
[2025-02-12T19:34:25.217] [DEBUG] debug-file - hvigorfile, resolve finished /Users/zhuguoqing/Desktop/harmony_android/hvigorfile.ts
[2025-02-12T19:34:25.231] [DEBUG] debug-file - hvigorfile, require result:  { hapTasks: [Getter] }
[2025-02-12T19:34:25.244] [DEBUG] debug-file - Target 'default' config: {}
[2025-02-12T19:34:25.255] [DEBUG] debug-file - hvigorfile, resolve finished /Users/zhuguoqing/Desktop/harmony_android/entry/hvigorfile.ts
[2025-02-12T19:34:25.258] [DEBUG] debug-file - start to load updatedOhPackageInfo to the disk
[2025-02-12T19:34:25.284] [DEBUG] debug-file - runTaskFromQueue task cost before running: 2 s 205 ms 
[2025-02-12T19:34:25.281] [DEBUG] debug-file - clean: Worker pool is inactive.
[2025-02-12T19:34:25.296] [DEBUG] debug-file - Module 'entry' target 'ohosTest' using build option: {
  "debuggable": true
} in this build.
[2025-02-12T19:34:25.310] [DEBUG] debug-file - Create  resident worker with id: 0.
[2025-02-12T19:34:22.505] [DEBUG] debug-file - env: daemon=false
[2025-02-12T19:34:23.102] [DEBUG] debug-file - Cache service initialization finished in 1 ms 
[2025-02-12T19:34:25.138] [DEBUG] debug-file - Product 'default' build option: {}
[2025-02-12T19:34:25.231] [DEBUG] debug-file - hvigorfile, binding system plugins { hapTasks: [Getter] }
[2025-02-12T19:34:25.244] [DEBUG] debug-file - Target 'ohosTest' config: {}
[2025-02-12T19:34:25.261] [DEBUG] debug-file - load to the disk finished
[2025-02-12T19:34:25.285] [INFO] debug-file - Finished :entry:clean... after 3 ms 
[2025-02-12T19:34:25.300] [DEBUG] debug-file - hvigor start cli arguments:{
  prop: [ 'product=default' ],
  sync: true,
  parallel: true,
  incremental: true,
  daemon: false,
  _: [],
  analyze: 'normal'
}
[2025-02-12T19:34:25.312] [DEBUG] debug-file - Create  resident worker with id: 1.
[2025-02-12T19:34:22.505] [DEBUG] debug-file - no-daemon, use the parent process.execArgv --max-old-space-size=8192,--expose-gc
[2025-02-12T19:34:25.138] [DEBUG] debug-file - End initialize project's product build option map with build mode 'debug'.
[2025-02-12T19:34:25.245] [DEBUG] debug-file - Module 'entry' target 'default' build option: {
  "debuggable": true,
  "copyFrom": "default"
}
[2025-02-12T19:34:25.267] [DEBUG] debug-file - Module harmony_android Collected Dependency: /Users/zhuguoqing/Desktop/harmony_android/oh_modules/.ohpm/@ohos+pulltorefresh@2.1.1/oh_modules/@ohos/pulltorefresh,/Users/zhuguoqing/Desktop/harmony_android/oh_modules/.ohpm/@ohmos+json-bigint@1.0.0/oh_modules/@ohmos/json-bigint
[2025-02-12T19:34:25.286] [DEBUG] debug-file - Executing task ::clean
[2025-02-12T19:34:25.308] [DEBUG] debug-file - Since there is no instance or instance is terminated, create a new worker pool.
[2025-02-12T19:34:25.314] [DEBUG] debug-file - Current worker pool is stopped or closed.
[2025-02-12T19:34:25.245] [DEBUG] debug-file - Module 'entry' target 'ohosTest' build option: {
  "debuggable": true
}
[2025-02-12T19:34:25.267] [DEBUG] debug-file - Module harmony_android's total dependency: 2
[2025-02-12T19:34:25.286] [DEBUG] debug-file - clean: Worker pool is inactive.
[2025-02-12T19:34:25.308] [DEBUG] debug-file - Worker pool is initialized with config:  {
  minPoolNum: 2,
  maxPoolNum: undefined,
  maxCoreSize: undefined,
  cacheCapacity: undefined,
  cacheTtl: undefined
}
[2025-02-12T19:34:25.315] [DEBUG] debug-file - Clear worker 0.
[2025-02-12T19:34:25.245] [DEBUG] debug-file - End initialize module-target build option map, moduleName=entry
[2025-02-12T19:34:25.270] [DEBUG] debug-file - Module entry Collected Dependency: /Users/zhuguoqing/Desktop/harmony_android/oh_modules/.ohpm/@ohos+pulltorefresh@2.1.1/oh_modules/@ohos/pulltorefresh,/Users/zhuguoqing/Desktop/harmony_android/oh_modules/.ohpm/@ohmos+json-bigint@1.0.0/oh_modules/@ohmos/json-bigint
[2025-02-12T19:34:25.286] [DEBUG] debug-file - harmony_android : clean cost memory 0.02318572998046875
[2025-02-12T19:34:25.315] [DEBUG] debug-file - Worker 0 has been cleared.
[2025-02-12T19:34:25.245] [DEBUG] debug-file - Module 'entry' target 'default' using build option: {
  "debuggable": true,
  "copyFrom": "default"
} in this build.
[2025-02-12T19:34:25.270] [DEBUG] debug-file - Module entry's total dependency: 2
[2025-02-12T19:34:25.287] [DEBUG] debug-file - runTaskFromQueue task cost before running: 2 s 208 ms 
[2025-02-12T19:34:25.315] [DEBUG] debug-file - Current idle worker size: 1.
[2025-02-12T19:34:25.274] [DEBUG] debug-file - Configuration phase cost:2 s 166 ms 
[2025-02-12T19:34:25.287] [INFO] debug-file - Finished ::clean... after 1 ms 
[2025-02-12T19:34:25.315] [DEBUG] debug-file - Current busy worker size: 0.
[2025-02-12T19:34:25.288] [DEBUG] debug-file - Executing task :entry:init
[2025-02-12T19:34:25.315] [DEBUG] debug-file - Clear worker 1.
[2025-02-12T19:34:25.288] [DEBUG] debug-file - entry : init cost memory 0.01015472412109375
[2025-02-12T19:34:25.315] [DEBUG] debug-file - Worker 1 has been cleared.
[2025-02-12T19:34:25.288] [DEBUG] debug-file - runTaskFromQueue task cost before running: 2 s 209 ms 
[2025-02-12T19:34:25.315] [DEBUG] debug-file - Current idle worker size: 0.
[2025-02-12T19:34:25.288] [INFO] debug-file - Finished :entry:init... after 1 ms 
[2025-02-12T19:34:25.315] [DEBUG] debug-file - Current busy worker size: 0.
[2025-02-12T19:34:25.288] [DEBUG] debug-file - Executing task ::init
[2025-02-12T19:34:25.316] [DEBUG] debug-file - hvigor build process will be closed.
[2025-02-12T19:34:25.288] [DEBUG] debug-file - harmony_android : init cost memory 0.0089111328125
[2025-02-12T19:34:25.323] [DEBUG] debug-file - worker[0] exits with exit code 0.
[2025-02-12T19:34:25.288] [DEBUG] debug-file - runTaskFromQueue task cost before running: 2 s 210 ms 
[2025-02-12T19:34:25.323] [DEBUG] debug-file - worker[1] exits with exit code 0.
[2025-02-12T19:34:25.288] [INFO] debug-file - Finished ::init... after 1 ms 
[2025-02-12T19:34:25.324] [DEBUG] debug-file - Current worker pool is terminated.
